0 verbose cli C:\Program Files\nodejs\node.exe C:\Program Files\nodejs\node_modules\npm\bin\npm-cli.js
1 info using npm@11.13.0
2 info using node@v24.16.0
3 silly config load:file:C:\Program Files\nodejs\node_modules\npm\npmrc
4 silly config load:file:C:\Users\dm240\Desktop\three\.npmrc
5 silly config load:file:C:\Users\dm240\.npmrc
6 silly config load:file:C:\Users\dm240\AppData\Roaming\npm\etc\npmrc
7 verbose title npm install
8 verbose argv "install"
9 verbose logfile logs-max:10 dir:C:\Users\dm240\Desktop\three\work\npm-cache\_logs\2026-09-15T04_51_15_815Z-
10 verbose logfile C:\Users\dm240\Desktop\three\work\npm-cache\_logs\2026-09-15T04_51_15_815Z-debug-0.log
11 silly logfile done cleaning log files
12 silly packumentCache heap:4496293888 maxSize:1124073472 maxEntrySize:562036736
13 silly idealTree buildDeps
14 silly reify moves {}
15 http fetch GET https://registry.npmjs.org/npm attempt 1 failed with EACCES
16 silly audit bulk request {
16 silly audit   '@esbuild/aix-ppc64': [ '0.21.5' ],
16 silly audit   '@esbuild/android-arm': [ '0.21.5' ],
16 silly audit   '@esbuild/android-arm64': [ '0.21.5' ],
16 silly audit   '@esbuild/android-x64': [ '0.21.5' ],
16 silly audit   '@esbuild/darwin-arm64': [ '0.21.5' ],
16 silly audit   '@esbuild/darwin-x64': [ '0.21.5' ],
16 silly audit   '@esbuild/freebsd-arm64': [ '0.21.5' ],
16 silly audit   '@esbuild/freebsd-x64': [ '0.21.5' ],
16 silly audit   '@esbuild/linux-arm': [ '0.21.5' ],
16 silly audit   '@esbuild/linux-arm64': [ '0.21.5' ],
16 silly audit   '@esbuild/linux-ia32': [ '0.21.5' ],
16 silly audit   '@esbuild/linux-loong64': [ '0.21.5' ],
16 silly audit   '@esbuild/linux-mips64el': [ '0.21.5' ],
16 silly audit   '@esbuild/linux-ppc64': [ '0.21.5' ],
16 silly audit   '@esbuild/linux-riscv64': [ '0.21.5' ],
16 silly audit   '@esbuild/linux-s390x': [ '0.21.5' ],
16 silly audit   '@esbuild/linux-x64': [ '0.21.5' ],
16 silly audit   '@esbuild/netbsd-x64': [ '0.21.5' ],
16 silly audit   '@esbuild/openbsd-x64': [ '0.21.5' ],
16 silly audit   '@esbuild/sunos-x64': [ '0.21.5' ],
16 silly audit   '@esbuild/win32-arm64': [ '0.21.5' ],
16 silly audit   '@esbuild/win32-ia32': [ '0.21.5' ],
16 silly audit   '@esbuild/win32-x64': [ '0.21.5' ],
16 silly audit   '@napi-rs/lzma-linux-x64-gnu': [ '1.5.1' ],
16 silly audit   '@rollup/rollup-android-arm-eabi': [ '4.63.3' ],
16 silly audit   '@rollup/rollup-android-arm64': [ '4.63.3' ],
16 silly audit   '@rollup/rollup-darwin-arm64': [ '4.63.3' ],
16 silly audit   '@rollup/rollup-darwin-x64': [ '4.63.3' ],
16 silly audit   '@rollup/rollup-freebsd-arm64': [ '4.63.3' ],
16 silly audit   '@rollup/rollup-freebsd-x64': [ '4.63.3' ],
16 silly audit   '@rollup/rollup-linux-arm-gnueabihf': [ '4.63.3' ],
16 silly audit   '@rollup/rollup-linux-arm-musleabihf': [ '4.63.3' ],
16 silly audit   '@rollup/rollup-linux-arm64-gnu': [ '4.63.3' ],
16 silly audit   '@rollup/rollup-linux-arm64-musl': [ '4.63.3' ],
16 silly audit   '@rollup/rollup-linux-loong64-gnu': [ '4.63.3' ],
16 silly audit   '@rollup/rollup-linux-loong64-musl': [ '4.63.3' ],
16 silly audit   '@rollup/rollup-linux-ppc64-gnu': [ '4.63.3' ],
16 silly audit   '@rollup/rollup-linux-ppc64-musl': [ '4.63.3' ],
16 silly audit   '@rollup/rollup-linux-riscv64-gnu': [ '4.63.3' ],
16 silly audit   '@rollup/rollup-linux-riscv64-musl': [ '4.63.3' ],
16 silly audit   '@rollup/rollup-linux-s390x-gnu': [ '4.63.3' ],
16 silly audit   '@rollup/rollup-linux-x64-gnu': [ '4.63.3' ],
16 silly audit   '@rollup/rollup-linux-x64-musl': [ '4.63.3' ],
16 silly audit   '@rollup/rollup-openbsd-x64': [ '4.63.3' ],
16 silly audit   '@rollup/rollup-openharmony-arm64': [ '4.63.3' ],
16 silly audit   '@rollup/rollup-win32-arm64-msvc': [ '4.63.3' ],
16 silly audit   '@rollup/rollup-win32-ia32-msvc': [ '4.63.3' ],
16 silly audit   '@rollup/rollup-win32-x64-gnu': [ '4.63.3' ],
16 silly audit   '@rollup/rollup-win32-x64-msvc': [ '4.63.3' ],
16 silly audit   '@tweenjs/tween.js': [ '23.1.3' ],
16 silly audit   '@types/estree': [ '1.0.9' ],
16 silly audit   '@types/stats.js': [ '0.17.4' ],
16 silly audit   '@types/three': [ '0.170.0' ],
16 silly audit   '@types/webxr': [ '0.5.24' ],
16 silly audit   '@webgpu/types': [ '0.1.72' ],
16 silly audit   esbuild: [ '0.21.5' ],
16 silly audit   fflate: [ '0.8.3' ],
16 silly audit   fsevents: [ '2.3.3' ],
16 silly audit   meshoptimizer: [ '0.18.1' ],
16 silly audit   nanoid: [ '3.3.19' ],
16 silly audit   picocolors: [ '1.1.1' ],
16 silly audit   postcss: [ '8.5.28' ],
16 silly audit   rollup: [ '4.63.3' ],
16 silly audit   'source-map-js': [ '1.2.1' ],
16 silly audit   three: [ '0.170.0' ],
16 silly audit   typescript: [ '5.9.3' ],
16 silly audit   vite: [ '5.4.21' ]
16 silly audit }
17 http cache vite@https://registry.npmjs.org/vite/-/vite-5.4.21.tgz 2ms (cache hit)
18 http cache three@https://registry.npmjs.org/three/-/three-0.170.0.tgz 0ms (cache hit)
19 http cache typescript@https://registry.npmjs.org/typescript/-/typescript-5.9.3.tgz 0ms (cache hit)
20 http cache source-map-js@https://registry.npmjs.org/source-map-js/-/source-map-js-1.2.1.tgz 0ms (cache hit)
21 http cache rollup@https://registry.npmjs.org/rollup/-/rollup-4.63.3.tgz 0ms (cache hit)
22 http cache postcss@https://registry.npmjs.org/postcss/-/postcss-8.5.28.tgz 0ms (cache hit)
23 http cache picocolors@https://registry.npmjs.org/picocolors/-/picocolors-1.1.1.tgz 0ms (cache hit)
24 http cache nanoid@https://registry.npmjs.org/nanoid/-/nanoid-3.3.19.tgz 0ms (cache hit)
25 http cache @webgpu/types@https://registry.npmjs.org/@webgpu/types/-/types-0.1.72.tgz 0ms (cache hit)
26 http cache @types/webxr@https://registry.npmjs.org/@types/webxr/-/webxr-0.5.24.tgz 0ms (cache hit)
27 http cache @types/three@https://registry.npmjs.org/@types/three/-/three-0.170.0.tgz 0ms (cache hit)
28 http cache meshoptimizer@https://registry.npmjs.org/meshoptimizer/-/meshoptimizer-0.18.1.tgz 0ms (cache hit)
29 http cache @types/estree@https://registry.npmjs.org/@types/estree/-/estree-1.0.9.tgz 0ms (cache hit)
30 http cache fflate@https://registry.npmjs.org/fflate/-/fflate-0.8.3.tgz 0ms (cache hit)
31 http cache @types/stats.js@https://registry.npmjs.org/@types/stats.js/-/stats.js-0.17.4.tgz 0ms (cache hit)
32 http cache esbuild@https://registry.npmjs.org/esbuild/-/esbuild-0.21.5.tgz 0ms (cache hit)
33 http cache @tweenjs/tween.js@https://registry.npmjs.org/@tweenjs/tween.js/-/tween.js-23.1.3.tgz 0ms (cache hit)
34 silly tarball no local data for vite@https://registry.npmjs.org/vite/-/vite-5.4.21.tgz. Extracting by manifest.
35 http cache @rollup/rollup-win32-x64-msvc@https://registry.npmjs.org/@rollup/rollup-win32-x64-msvc/-/rollup-win32-x64-msvc-4.63.3.tgz 0ms (cache hit)
36 silly tarball no local data for three@https://registry.npmjs.org/three/-/three-0.170.0.tgz. Extracting by manifest.
37 silly tarball no local data for typescript@https://registry.npmjs.org/typescript/-/typescript-5.9.3.tgz. Extracting by manifest.
38 silly tarball no local data for source-map-js@https://registry.npmjs.org/source-map-js/-/source-map-js-1.2.1.tgz. Extracting by manifest.
39 silly tarball no local data for rollup@https://registry.npmjs.org/rollup/-/rollup-4.63.3.tgz. Extracting by manifest.
40 silly tarball no local data for postcss@https://registry.npmjs.org/postcss/-/postcss-8.5.28.tgz. Extracting by manifest.
41 silly tarball no local data for picocolors@https://registry.npmjs.org/picocolors/-/picocolors-1.1.1.tgz. Extracting by manifest.
42 http cache @esbuild/win32-x64@https://registry.npmjs.org/@esbuild/win32-x64/-/win32-x64-0.21.5.tgz 0ms (cache hit)
43 http cache @rollup/rollup-win32-x64-gnu@https://registry.npmjs.org/@rollup/rollup-win32-x64-gnu/-/rollup-win32-x64-gnu-4.63.3.tgz 0ms (cache hit)
44 silly tarball no local data for nanoid@https://registry.npmjs.org/nanoid/-/nanoid-3.3.19.tgz. Extracting by manifest.
45 silly tarball no local data for @webgpu/types@https://registry.npmjs.org/@webgpu/types/-/types-0.1.72.tgz. Extracting by manifest.
46 silly tarball no local data for @types/webxr@https://registry.npmjs.org/@types/webxr/-/webxr-0.5.24.tgz. Extracting by manifest.
47 silly tarball no local data for @types/three@https://registry.npmjs.org/@types/three/-/three-0.170.0.tgz. Extracting by manifest.
48 silly tarball no local data for meshoptimizer@https://registry.npmjs.org/meshoptimizer/-/meshoptimizer-0.18.1.tgz. Extracting by manifest.
49 silly tarball no local data for @types/estree@https://registry.npmjs.org/@types/estree/-/estree-1.0.9.tgz. Extracting by manifest.
50 silly tarball no local data for fflate@https://registry.npmjs.org/fflate/-/fflate-0.8.3.tgz. Extracting by manifest.
51 silly tarball no local data for @types/stats.js@https://registry.npmjs.org/@types/stats.js/-/stats.js-0.17.4.tgz. Extracting by manifest.
52 silly tarball no local data for esbuild@https://registry.npmjs.org/esbuild/-/esbuild-0.21.5.tgz. Extracting by manifest.
53 silly tarball no local data for @tweenjs/tween.js@https://registry.npmjs.org/@tweenjs/tween.js/-/tween.js-23.1.3.tgz. Extracting by manifest.
54 silly tarball no local data for @rollup/rollup-win32-x64-msvc@https://registry.npmjs.org/@rollup/rollup-win32-x64-msvc/-/rollup-win32-x64-msvc-4.63.3.tgz. Extracting by manifest.
55 silly tarball no local data for @esbuild/win32-x64@https://registry.npmjs.org/@esbuild/win32-x64/-/win32-x64-0.21.5.tgz. Extracting by manifest.
56 silly tarball no local data for @rollup/rollup-win32-x64-gnu@https://registry.npmjs.org/@rollup/rollup-win32-x64-gnu/-/rollup-win32-x64-gnu-4.63.3.tgz. Extracting by manifest.
57 verbose audit error FetchError: request to https://registry.npmjs.org/-/npm/v1/security/advisories/bulk failed, reason: 
57 verbose audit error     at ClientRequest.<anonymous> (C:\Program Files\nodejs\node_modules\npm\node_modules\minipass-fetch\lib\index.js:130:14)
57 verbose audit error     at ClientRequest.emit (node:events:509:28)
57 verbose audit error     at emitErrorEvent (node:_http_client:109:11)
57 verbose audit error     at _destroy (node:_http_client:993:9)
57 verbose audit error     at onSocketNT (node:_http_client:1014:5)
57 verbose audit error     at process.processTicksAndRejections (node:internal/process/task_queues:91:21) {
57 verbose audit error   code: 'EACCES',
57 verbose audit error   errno: 'EACCES',
57 verbose audit error   type: 'system'
57 verbose audit error }
58 silly audit error undefined
59 silly audit report null
60 http fetch GET https://registry.npmjs.org/vite/-/vite-5.4.21.tgz attempt 1 failed with EACCES
61 http fetch GET https://registry.npmjs.org/three/-/three-0.170.0.tgz attempt 1 failed with EACCES
62 http fetch GET https://registry.npmjs.org/typescript/-/typescript-5.9.3.tgz attempt 1 failed with EACCES
63 http fetch GET https://registry.npmjs.org/source-map-js/-/source-map-js-1.2.1.tgz attempt 1 failed with EACCES
64 http fetch GET https://registry.npmjs.org/rollup/-/rollup-4.63.3.tgz attempt 1 failed with EACCES
65 http fetch GET https://registry.npmjs.org/postcss/-/postcss-8.5.28.tgz attempt 1 failed with EACCES
66 http fetch GET https://registry.npmjs.org/picocolors/-/picocolors-1.1.1.tgz attempt 1 failed with EACCES
67 http fetch GET https://registry.npmjs.org/nanoid/-/nanoid-3.3.19.tgz attempt 1 failed with EACCES
68 http fetch GET https://registry.npmjs.org/@webgpu/types/-/types-0.1.72.tgz attempt 1 failed with EACCES
69 http fetch GET https://registry.npmjs.org/@types/webxr/-/webxr-0.5.24.tgz attempt 1 failed with EACCES
70 http fetch GET https://registry.npmjs.org/@types/three/-/three-0.170.0.tgz attempt 1 failed with EACCES
71 http fetch GET https://registry.npmjs.org/meshoptimizer/-/meshoptimizer-0.18.1.tgz attempt 1 failed with EACCES
72 http fetch GET https://registry.npmjs.org/@types/estree/-/estree-1.0.9.tgz attempt 1 failed with EACCES
73 http fetch GET https://registry.npmjs.org/fflate/-/fflate-0.8.3.tgz attempt 1 failed with EACCES
74 http fetch GET https://registry.npmjs.org/npm attempt 2 failed with EACCES
75 http fetch GET https://registry.npmjs.org/vite/-/vite-5.4.21.tgz attempt 2 failed with EACCES
76 http fetch GET https://registry.npmjs.org/three/-/three-0.170.0.tgz attempt 2 failed with EACCES
77 http fetch GET https://registry.npmjs.org/typescript/-/typescript-5.9.3.tgz attempt 2 failed with EACCES
78 http fetch GET https://registry.npmjs.org/source-map-js/-/source-map-js-1.2.1.tgz attempt 2 failed with EACCES
79 http fetch GET https://registry.npmjs.org/rollup/-/rollup-4.63.3.tgz attempt 2 failed with EACCES
80 http fetch GET https://registry.npmjs.org/postcss/-/postcss-8.5.28.tgz attempt 2 failed with EACCES
81 http fetch GET https://registry.npmjs.org/picocolors/-/picocolors-1.1.1.tgz attempt 2 failed with EACCES
82 http fetch GET https://registry.npmjs.org/nanoid/-/nanoid-3.3.19.tgz attempt 2 failed with EACCES
83 http fetch GET https://registry.npmjs.org/@webgpu/types/-/types-0.1.72.tgz attempt 2 failed with EACCES
84 http fetch GET https://registry.npmjs.org/@types/webxr/-/webxr-0.5.24.tgz attempt 2 failed with EACCES
85 http fetch GET https://registry.npmjs.org/@types/three/-/three-0.170.0.tgz attempt 2 failed with EACCES
86 http fetch GET https://registry.npmjs.org/meshoptimizer/-/meshoptimizer-0.18.1.tgz attempt 2 failed with EACCES
87 http fetch GET https://registry.npmjs.org/@types/estree/-/estree-1.0.9.tgz attempt 2 failed with EACCES
88 http fetch GET https://registry.npmjs.org/fflate/-/fflate-0.8.3.tgz attempt 2 failed with EACCES
89 http fetch GET https://registry.npmjs.org/npm attempt 3 failed with EACCES
90 http fetch GET https://registry.npmjs.org/vite/-/vite-5.4.21.tgz attempt 3 failed with EACCES
91 http fetch GET https://registry.npmjs.org/three/-/three-0.170.0.tgz attempt 3 failed with EACCES
92 http fetch GET https://registry.npmjs.org/typescript/-/typescript-5.9.3.tgz attempt 3 failed with EACCES
93 http fetch GET https://registry.npmjs.org/source-map-js/-/source-map-js-1.2.1.tgz attempt 3 failed with EACCES
94 http fetch GET https://registry.npmjs.org/rollup/-/rollup-4.63.3.tgz attempt 3 failed with EACCES
95 http fetch GET https://registry.npmjs.org/postcss/-/postcss-8.5.28.tgz attempt 3 failed with EACCES
96 http fetch GET https://registry.npmjs.org/picocolors/-/picocolors-1.1.1.tgz attempt 3 failed with EACCES
97 http fetch GET https://registry.npmjs.org/nanoid/-/nanoid-3.3.19.tgz attempt 3 failed with EACCES
98 http fetch GET https://registry.npmjs.org/@webgpu/types/-/types-0.1.72.tgz attempt 3 failed with EACCES
99 http fetch GET https://registry.npmjs.org/@types/webxr/-/webxr-0.5.24.tgz attempt 3 failed with EACCES
100 http fetch GET https://registry.npmjs.org/@types/three/-/three-0.170.0.tgz attempt 3 failed with EACCES
101 http fetch GET https://registry.npmjs.org/meshoptimizer/-/meshoptimizer-0.18.1.tgz attempt 3 failed with EACCES
102 http fetch GET https://registry.npmjs.org/@types/estree/-/estree-1.0.9.tgz attempt 3 failed with EACCES
103 http fetch GET https://registry.npmjs.org/fflate/-/fflate-0.8.3.tgz attempt 3 failed with EACCES
104 verbose cwd C:\Users\dm240\Desktop\three
105 verbose os Windows_NT 10.0.26200
106 verbose node v24.16.0
107 verbose npm  v11.13.0
108 error Exit handler never called!
109 error This is an error with npm itself. Please report this error at:
110 error   <https://github.com/npm/cli/issues>
111 verbose exit 1
112 verbose code 1
113 error A complete log of this run can be found in: C:\Users\dm240\Desktop\three\work\npm-cache\_logs\2026-09-15T04_51_15_815Z-debug-0.log
