0 verbose cli C:\Program Files\nodejs\node.exe C:\Program Files\nodejs\node_modules\npm\bin\npm-cli.js
1 info using npm@11.13.0
2 info using node@v24.16.0
3 silly config load:file:C:\Program Files\nodejs\node_modules\npm\npmrc
4 silly config load:file:C:\Users\dm240\Desktop\three\.npmrc
5 silly config load:file:C:\Users\dm240\.npmrc
6 silly config load:file:C:\Users\dm240\AppData\Roaming\npm\etc\npmrc
7 verbose title npm install
8 verbose argv "install" "--foreground-scripts"
9 verbose logfile logs-max:10 dir:C:\Users\dm240\Desktop\three\work\npm-cache\_logs\2026-09-15T04_53_07_487Z-
10 verbose logfile C:\Users\dm240\Desktop\three\work\npm-cache\_logs\2026-09-15T04_53_07_487Z-debug-0.log
11 silly logfile done cleaning log files
12 silly packumentCache heap:4496293888 maxSize:1124073472 maxEntrySize:562036736
13 silly idealTree buildDeps
14 silly reify mark retired [ 'C:\\Users\\dm240\\Desktop\\three\\node_modules\\esbuild' ]
15 silly reify mark retired [ 'C:\\Users\\dm240\\Desktop\\three\\node_modules\\fflate' ]
16 silly reify mark retired [ 'C:\\Users\\dm240\\Desktop\\three\\node_modules\\meshoptimizer' ]
17 silly reify mark retired [ 'C:\\Users\\dm240\\Desktop\\three\\node_modules\\nanoid' ]
18 silly reify mark retired [ 'C:\\Users\\dm240\\Desktop\\three\\node_modules\\picocolors' ]
19 silly reify mark retired [ 'C:\\Users\\dm240\\Desktop\\three\\node_modules\\postcss' ]
20 silly reify mark retired [ 'C:\\Users\\dm240\\Desktop\\three\\node_modules\\rollup' ]
21 silly reify mark retired [ 'C:\\Users\\dm240\\Desktop\\three\\node_modules\\source-map-js' ]
22 silly reify mark retired [ 'C:\\Users\\dm240\\Desktop\\three\\node_modules\\three' ]
23 silly reify mark retired [ 'C:\\Users\\dm240\\Desktop\\three\\node_modules\\typescript' ]
24 silly reify mark retired [ 'C:\\Users\\dm240\\Desktop\\three\\node_modules\\vite' ]
25 silly reify mark retired [
25 silly reify   'C:\\Users\\dm240\\Desktop\\three\\node_modules\\@esbuild\\win32-x64'
25 silly reify ]
26 silly reify mark retired [
26 silly reify   'C:\\Users\\dm240\\Desktop\\three\\node_modules\\@tweenjs\\tween.js'
26 silly reify ]
27 silly reify mark retired [
27 silly reify   'C:\\Users\\dm240\\Desktop\\three\\node_modules\\@rollup\\rollup-win32-x64-gnu'
27 silly reify ]
28 silly reify mark retired [
28 silly reify   'C:\\Users\\dm240\\Desktop\\three\\node_modules\\@rollup\\rollup-win32-x64-msvc'
28 silly reify ]
29 silly reify mark retired [ 'C:\\Users\\dm240\\Desktop\\three\\node_modules\\@types\\estree' ]
30 silly reify mark retired [ 'C:\\Users\\dm240\\Desktop\\three\\node_modules\\@types\\stats.js' ]
31 silly reify mark retired [ 'C:\\Users\\dm240\\Desktop\\three\\node_modules\\@types\\three' ]
32 silly reify mark retired [ 'C:\\Users\\dm240\\Desktop\\three\\node_modules\\@types\\webxr' ]
33 silly reify mark retired [ 'C:\\Users\\dm240\\Desktop\\three\\node_modules\\@webgpu\\types' ]
34 silly reify moves {
34 silly reify   'C:\\Users\\dm240\\Desktop\\three\\node_modules\\esbuild': 'C:\\Users\\dm240\\Desktop\\three\\node_modules\\.esbuild-P5pJvrsp',
34 silly reify   'C:\\Users\\dm240\\Desktop\\three\\node_modules\\fflate': 'C:\\Users\\dm240\\Desktop\\three\\node_modules\\.fflate-znVHSuxO',
34 silly reify   'C:\\Users\\dm240\\Desktop\\three\\node_modules\\meshoptimizer': 'C:\\Users\\dm240\\Desktop\\three\\node_modules\\.meshoptimizer-3Tsql11d',
34 silly reify   'C:\\Users\\dm240\\Desktop\\three\\node_modules\\nanoid': 'C:\\Users\\dm240\\Desktop\\three\\node_modules\\.nanoid-xZrZgj15',
34 silly reify   'C:\\Users\\dm240\\Desktop\\three\\node_modules\\picocolors': 'C:\\Users\\dm240\\Desktop\\three\\node_modules\\.picocolors-z3Jz3LFq',
34 silly reify   'C:\\Users\\dm240\\Desktop\\three\\node_modules\\postcss': 'C:\\Users\\dm240\\Desktop\\three\\node_modules\\.postcss-Tap7Xdiw',
34 silly reify   'C:\\Users\\dm240\\Desktop\\three\\node_modules\\rollup': 'C:\\Users\\dm240\\Desktop\\three\\node_modules\\.rollup-neTXNHJ5',
34 silly reify   'C:\\Users\\dm240\\Desktop\\three\\node_modules\\source-map-js': 'C:\\Users\\dm240\\Desktop\\three\\node_modules\\.source-map-js-TC23Ykru',
34 silly reify   'C:\\Users\\dm240\\Desktop\\three\\node_modules\\three': 'C:\\Users\\dm240\\Desktop\\three\\node_modules\\.three-T67fqrWw',
34 silly reify   'C:\\Users\\dm240\\Desktop\\three\\node_modules\\typescript': 'C:\\Users\\dm240\\Desktop\\three\\node_modules\\.typescript-qnP1u4Q5',
34 silly reify   'C:\\Users\\dm240\\Desktop\\three\\node_modules\\vite': 'C:\\Users\\dm240\\Desktop\\three\\node_modules\\.vite-EDAYBOSU',
34 silly reify   'C:\\Users\\dm240\\Desktop\\three\\node_modules\\@esbuild\\win32-x64': 'C:\\Users\\dm240\\Desktop\\three\\node_modules\\@esbuild\\.win32-x64-NAtxUTUA',
34 silly reify   'C:\\Users\\dm240\\Desktop\\three\\node_modules\\@tweenjs\\tween.js': 'C:\\Users\\dm240\\Desktop\\three\\node_modules\\@tweenjs\\.tween.js-LEU7K4GK',
34 silly reify   'C:\\Users\\dm240\\Desktop\\three\\node_modules\\@rollup\\rollup-win32-x64-gnu': 'C:\\Users\\dm240\\Desktop\\three\\node_modules\\@rollup\\.rollup-win32-x64-gnu-aUrFq5ie',
34 silly reify   'C:\\Users\\dm240\\Desktop\\three\\node_modules\\@rollup\\rollup-win32-x64-msvc': 'C:\\Users\\dm240\\Desktop\\three\\node_modules\\@rollup\\.rollup-win32-x64-msvc-s62Hi0Vw',
34 silly reify   'C:\\Users\\dm240\\Desktop\\three\\node_modules\\@types\\estree': 'C:\\Users\\dm240\\Desktop\\three\\node_modules\\@types\\.estree-tNIqtfIW',
34 silly reify   'C:\\Users\\dm240\\Desktop\\three\\node_modules\\@types\\stats.js': 'C:\\Users\\dm240\\Desktop\\three\\node_modules\\@types\\.stats.js-volRX877',
34 silly reify   'C:\\Users\\dm240\\Desktop\\three\\node_modules\\@types\\three': 'C:\\Users\\dm240\\Desktop\\three\\node_modules\\@types\\.three-oLmLdAiN',
34 silly reify   'C:\\Users\\dm240\\Desktop\\three\\node_modules\\@types\\webxr': 'C:\\Users\\dm240\\Desktop\\three\\node_modules\\@types\\.webxr-36snau2A',
34 silly reify   'C:\\Users\\dm240\\Desktop\\three\\node_modules\\@webgpu\\types': 'C:\\Users\\dm240\\Desktop\\three\\node_modules\\@webgpu\\.types-vAWiexdA'
34 silly reify }
35 silly audit bulk request {
35 silly audit   '@esbuild/aix-ppc64': [ '0.21.5' ],
35 silly audit   '@esbuild/android-arm': [ '0.21.5' ],
35 silly audit   '@esbuild/android-arm64': [ '0.21.5' ],
35 silly audit   '@esbuild/android-x64': [ '0.21.5' ],
35 silly audit   '@esbuild/darwin-arm64': [ '0.21.5' ],
35 silly audit   '@esbuild/darwin-x64': [ '0.21.5' ],
35 silly audit   '@esbuild/freebsd-arm64': [ '0.21.5' ],
35 silly audit   '@esbuild/freebsd-x64': [ '0.21.5' ],
35 silly audit   '@esbuild/linux-arm': [ '0.21.5' ],
35 silly audit   '@esbuild/linux-arm64': [ '0.21.5' ],
35 silly audit   '@esbuild/linux-ia32': [ '0.21.5' ],
35 silly audit   '@esbuild/linux-loong64': [ '0.21.5' ],
35 silly audit   '@esbuild/linux-mips64el': [ '0.21.5' ],
35 silly audit   '@esbuild/linux-ppc64': [ '0.21.5' ],
35 silly audit   '@esbuild/linux-riscv64': [ '0.21.5' ],
35 silly audit   '@esbuild/linux-s390x': [ '0.21.5' ],
35 silly audit   '@esbuild/linux-x64': [ '0.21.5' ],
35 silly audit   '@esbuild/netbsd-x64': [ '0.21.5' ],
35 silly audit   '@esbuild/openbsd-x64': [ '0.21.5' ],
35 silly audit   '@esbuild/sunos-x64': [ '0.21.5' ],
35 silly audit   '@esbuild/win32-arm64': [ '0.21.5' ],
35 silly audit   '@esbuild/win32-ia32': [ '0.21.5' ],
35 silly audit   '@esbuild/win32-x64': [ '0.21.5' ],
35 silly audit   '@napi-rs/lzma-linux-x64-gnu': [ '1.5.1' ],
35 silly audit   '@rollup/rollup-android-arm-eabi': [ '4.63.3' ],
35 silly audit   '@rollup/rollup-android-arm64': [ '4.63.3' ],
35 silly audit   '@rollup/rollup-darwin-arm64': [ '4.63.3' ],
35 silly audit   '@rollup/rollup-darwin-x64': [ '4.63.3' ],
35 silly audit   '@rollup/rollup-freebsd-arm64': [ '4.63.3' ],
35 silly audit   '@rollup/rollup-freebsd-x64': [ '4.63.3' ],
35 silly audit   '@rollup/rollup-linux-arm-gnueabihf': [ '4.63.3' ],
35 silly audit   '@rollup/rollup-linux-arm-musleabihf': [ '4.63.3' ],
35 silly audit   '@rollup/rollup-linux-arm64-gnu': [ '4.63.3' ],
35 silly audit   '@rollup/rollup-linux-arm64-musl': [ '4.63.3' ],
35 silly audit   '@rollup/rollup-linux-loong64-gnu': [ '4.63.3' ],
35 silly audit   '@rollup/rollup-linux-loong64-musl': [ '4.63.3' ],
35 silly audit   '@rollup/rollup-linux-ppc64-gnu': [ '4.63.3' ],
35 silly audit   '@rollup/rollup-linux-ppc64-musl': [ '4.63.3' ],
35 silly audit   '@rollup/rollup-linux-riscv64-gnu': [ '4.63.3' ],
35 silly audit   '@rollup/rollup-linux-riscv64-musl': [ '4.63.3' ],
35 silly audit   '@rollup/rollup-linux-s390x-gnu': [ '4.63.3' ],
35 silly audit   '@rollup/rollup-linux-x64-gnu': [ '4.63.3' ],
35 silly audit   '@rollup/rollup-linux-x64-musl': [ '4.63.3' ],
35 silly audit   '@rollup/rollup-openbsd-x64': [ '4.63.3' ],
35 silly audit   '@rollup/rollup-openharmony-arm64': [ '4.63.3' ],
35 silly audit   '@rollup/rollup-win32-arm64-msvc': [ '4.63.3' ],
35 silly audit   '@rollup/rollup-win32-ia32-msvc': [ '4.63.3' ],
35 silly audit   '@rollup/rollup-win32-x64-gnu': [ '4.63.3' ],
35 silly audit   '@rollup/rollup-win32-x64-msvc': [ '4.63.3' ],
35 silly audit   '@tweenjs/tween.js': [ '23.1.3' ],
35 silly audit   '@types/estree': [ '1.0.9' ],
35 silly audit   '@types/stats.js': [ '0.17.4' ],
35 silly audit   '@types/three': [ '0.170.0' ],
35 silly audit   '@types/webxr': [ '0.5.24' ],
35 silly audit   '@webgpu/types': [ '0.1.72' ],
35 silly audit   esbuild: [ '0.21.5' ],
35 silly audit   fflate: [ '0.8.3' ],
35 silly audit   fsevents: [ '2.3.3' ],
35 silly audit   meshoptimizer: [ '0.18.1' ],
35 silly audit   nanoid: [ '3.3.19' ],
35 silly audit   picocolors: [ '1.1.1' ],
35 silly audit   postcss: [ '8.5.28' ],
35 silly audit   rollup: [ '4.63.3' ],
35 silly audit   'source-map-js': [ '1.2.1' ],
35 silly audit   three: [ '0.170.0' ],
35 silly audit   typescript: [ '5.9.3' ],
35 silly audit   vite: [ '5.4.21' ]
35 silly audit }
36 http cache @webgpu/types@https://registry.npmjs.org/@webgpu/types/-/types-0.1.72.tgz 1ms (cache hit)
37 http cache @types/webxr@https://registry.npmjs.org/@types/webxr/-/webxr-0.5.24.tgz 0ms (cache hit)
38 http cache @types/estree@https://registry.npmjs.org/@types/estree/-/estree-1.0.9.tgz 0ms (cache hit)
39 http cache @types/stats.js@https://registry.npmjs.org/@types/stats.js/-/stats.js-0.17.4.tgz 0ms (cache hit)
40 http cache @types/three@https://registry.npmjs.org/@types/three/-/three-0.170.0.tgz 0ms (cache hit)
41 http cache @rollup/rollup-win32-x64-msvc@https://registry.npmjs.org/@rollup/rollup-win32-x64-msvc/-/rollup-win32-x64-msvc-4.63.3.tgz 0ms (cache hit)
42 http cache @tweenjs/tween.js@https://registry.npmjs.org/@tweenjs/tween.js/-/tween.js-23.1.3.tgz 0ms (cache hit)
43 http cache @esbuild/win32-x64@https://registry.npmjs.org/@esbuild/win32-x64/-/win32-x64-0.21.5.tgz 0ms (cache hit)
44 http cache @rollup/rollup-win32-x64-gnu@https://registry.npmjs.org/@rollup/rollup-win32-x64-gnu/-/rollup-win32-x64-gnu-4.63.3.tgz 0ms (cache hit)
45 http cache typescript@https://registry.npmjs.org/typescript/-/typescript-5.9.3.tgz 0ms (cache hit)
46 http cache vite@https://registry.npmjs.org/vite/-/vite-5.4.21.tgz 0ms (cache hit)
47 http cache three@https://registry.npmjs.org/three/-/three-0.170.0.tgz 1ms (cache hit)
48 http cache source-map-js@https://registry.npmjs.org/source-map-js/-/source-map-js-1.2.1.tgz 0ms (cache hit)
49 http cache postcss@https://registry.npmjs.org/postcss/-/postcss-8.5.28.tgz 0ms (cache hit)
50 http cache rollup@https://registry.npmjs.org/rollup/-/rollup-4.63.3.tgz 0ms (cache hit)
51 http cache picocolors@https://registry.npmjs.org/picocolors/-/picocolors-1.1.1.tgz 0ms (cache hit)
52 http cache meshoptimizer@https://registry.npmjs.org/meshoptimizer/-/meshoptimizer-0.18.1.tgz 0ms (cache hit)
53 silly tarball no local data for @webgpu/types@https://registry.npmjs.org/@webgpu/types/-/types-0.1.72.tgz. Extracting by manifest.
54 silly tarball no local data for @types/webxr@https://registry.npmjs.org/@types/webxr/-/webxr-0.5.24.tgz. Extracting by manifest.
55 silly tarball no local data for @types/estree@https://registry.npmjs.org/@types/estree/-/estree-1.0.9.tgz. Extracting by manifest.
56 silly tarball no local data for @types/stats.js@https://registry.npmjs.org/@types/stats.js/-/stats.js-0.17.4.tgz. Extracting by manifest.
57 silly tarball no local data for @types/three@https://registry.npmjs.org/@types/three/-/three-0.170.0.tgz. Extracting by manifest.
58 silly tarball no local data for @rollup/rollup-win32-x64-msvc@https://registry.npmjs.org/@rollup/rollup-win32-x64-msvc/-/rollup-win32-x64-msvc-4.63.3.tgz. Extracting by manifest.
59 silly tarball no local data for @tweenjs/tween.js@https://registry.npmjs.org/@tweenjs/tween.js/-/tween.js-23.1.3.tgz. Extracting by manifest.
60 silly tarball no local data for @esbuild/win32-x64@https://registry.npmjs.org/@esbuild/win32-x64/-/win32-x64-0.21.5.tgz. Extracting by manifest.
61 silly tarball no local data for @rollup/rollup-win32-x64-gnu@https://registry.npmjs.org/@rollup/rollup-win32-x64-gnu/-/rollup-win32-x64-gnu-4.63.3.tgz. Extracting by manifest.
62 silly tarball no local data for typescript@https://registry.npmjs.org/typescript/-/typescript-5.9.3.tgz. Extracting by manifest.
63 silly tarball no local data for vite@https://registry.npmjs.org/vite/-/vite-5.4.21.tgz. Extracting by manifest.
64 silly tarball no local data for three@https://registry.npmjs.org/three/-/three-0.170.0.tgz. Extracting by manifest.
65 silly tarball no local data for source-map-js@https://registry.npmjs.org/source-map-js/-/source-map-js-1.2.1.tgz. Extracting by manifest.
66 silly tarball no local data for postcss@https://registry.npmjs.org/postcss/-/postcss-8.5.28.tgz. Extracting by manifest.
67 silly tarball no local data for rollup@https://registry.npmjs.org/rollup/-/rollup-4.63.3.tgz. Extracting by manifest.
68 silly tarball no local data for picocolors@https://registry.npmjs.org/picocolors/-/picocolors-1.1.1.tgz. Extracting by manifest.
69 silly tarball no local data for meshoptimizer@https://registry.npmjs.org/meshoptimizer/-/meshoptimizer-0.18.1.tgz. Extracting by manifest.
70 http cache nanoid@https://registry.npmjs.org/nanoid/-/nanoid-3.3.19.tgz 0ms (cache hit)
71 http cache fflate@https://registry.npmjs.org/fflate/-/fflate-0.8.3.tgz 0ms (cache hit)
72 http cache esbuild@https://registry.npmjs.org/esbuild/-/esbuild-0.21.5.tgz 0ms (cache hit)
73 silly tarball no local data for nanoid@https://registry.npmjs.org/nanoid/-/nanoid-3.3.19.tgz. Extracting by manifest.
74 silly tarball no local data for fflate@https://registry.npmjs.org/fflate/-/fflate-0.8.3.tgz. Extracting by manifest.
75 silly tarball no local data for esbuild@https://registry.npmjs.org/esbuild/-/esbuild-0.21.5.tgz. Extracting by manifest.
76 http fetch POST 200 https://registry.npmjs.org/-/npm/v1/security/advisories/bulk 593ms
77 silly audit report {
77 silly audit report   esbuild: [
77 silly audit report     {
77 silly audit report       id: 1102341,
77 silly audit report       url: 'https://github.com/advisories/GHSA-67mh-4wv8-2f99',
77 silly audit report       title: 'esbuild enables any website to send any requests to the development server and read the response',
77 silly audit report       severity: 'moderate',
77 silly audit report       vulnerable_versions: '<=0.24.2',
77 silly audit report       cwe: [Array],
77 silly audit report       cvss: [Object]
77 silly audit report     }
77 silly audit report   ],
77 silly audit report   vite: [
77 silly audit report     {
77 silly audit report       id: 1120784,
77 silly audit report       url: 'https://github.com/advisories/GHSA-v6wh-96g9-6wx3',
77 silly audit report       title: 'launch-editor: NTLMv2 hash disclosure via UNC path handling on Windows',
77 silly audit report       severity: 'moderate',
77 silly audit report       vulnerable_versions: '<=6.4.2',
77 silly audit report       cwe: [Array],
77 silly audit report       cvss: [Object]
77 silly audit report     },
77 silly audit report     {
77 silly audit report       id: 1116229,
77 silly audit report       url: 'https://github.com/advisories/GHSA-4w7w-66w2-5vf9',
77 silly audit report       title: 'Vite Vulnerable to Path Traversal in Optimized Deps `.map` Handling',
77 silly audit report       severity: 'moderate',
77 silly audit report       vulnerable_versions: '<=6.4.1',
77 silly audit report       cwe: [Array],
77 silly audit report       cvss: [Object]
77 silly audit report     },
77 silly audit report     {
77 silly audit report       id: 1123525,
77 silly audit report       url: 'https://github.com/advisories/GHSA-fx2h-pf6j-xcff',
77 silly audit report       title: 'vite: `server.fs.deny` bypass on Windows alternate paths',
77 silly audit report       severity: 'high',
77 silly audit report       vulnerable_versions: '<=6.4.2',
77 silly audit report       cwe: [Array],
77 silly audit report       cvss: [Object]
77 silly audit report     }
77 silly audit report   ]
77 silly audit report }
78 silly packumentCache corgi:https://registry.npmjs.org/esbuild cache-miss
79 silly packumentCache corgi:https://registry.npmjs.org/vite cache-miss
80 http fetch GET 200 https://registry.npmjs.org/@types/stats.js/-/stats.js-0.17.4.tgz 741ms (cache miss)
81 http fetch GET 200 https://registry.npmjs.org/picocolors/-/picocolors-1.1.1.tgz 742ms (cache miss)
82 http fetch GET 200 https://registry.npmjs.org/@types/estree/-/estree-1.0.9.tgz 789ms (cache miss)
83 http fetch GET 200 https://registry.npmjs.org/@types/webxr/-/webxr-0.5.24.tgz 812ms (cache miss)
84 http fetch GET 200 https://registry.npmjs.org/@webgpu/types/-/types-0.1.72.tgz 937ms (cache miss)
85 http fetch GET 200 https://registry.npmjs.org/esbuild/-/esbuild-0.21.5.tgz 847ms (cache miss)
86 http fetch GET 200 https://registry.npmjs.org/@tweenjs/tween.js/-/tween.js-23.1.3.tgz 1074ms (cache miss)
87 http fetch GET 200 https://registry.npmjs.org/meshoptimizer/-/meshoptimizer-0.18.1.tgz 1190ms (cache miss)
88 http fetch GET 200 https://registry.npmjs.org/esbuild 727ms (cache miss)
89 silly packumentCache corgi:https://registry.npmjs.org/esbuild set size:undefined disposed:false
90 http fetch GET 200 https://registry.npmjs.org/nanoid/-/nanoid-3.3.19.tgz 1239ms (cache miss)
91 http fetch GET 200 https://registry.npmjs.org/source-map-js/-/source-map-js-1.2.1.tgz 1332ms (cache miss)
92 http fetch GET 200 https://registry.npmjs.org/fflate/-/fflate-0.8.3.tgz 1451ms (cache miss)
93 http fetch GET 200 https://registry.npmjs.org/@rollup/rollup-win32-x64-gnu/-/rollup-win32-x64-gnu-4.63.3.tgz 1550ms (cache miss)
94 http fetch GET 200 https://registry.npmjs.org/vite 1075ms (cache miss)
95 silly packumentCache corgi:https://registry.npmjs.org/vite set size:undefined disposed:false
96 http fetch GET 200 https://registry.npmjs.org/@rollup/rollup-win32-x64-msvc/-/rollup-win32-x64-msvc-4.63.3.tgz 1758ms (cache miss)
97 http fetch GET 200 https://registry.npmjs.org/postcss/-/postcss-8.5.28.tgz 2233ms (cache miss)
98 http fetch GET 200 https://registry.npmjs.org/rollup/-/rollup-4.63.3.tgz 2274ms (cache miss)
99 http fetch GET 200 https://registry.npmjs.org/vite/-/vite-5.4.21.tgz 2508ms (cache miss)
100 http fetch GET 200 https://registry.npmjs.org/@esbuild/win32-x64/-/win32-x64-0.21.5.tgz 2682ms (cache miss)
101 http fetch GET 200 https://registry.npmjs.org/typescript/-/typescript-5.9.3.tgz 3895ms (cache miss)
102 http fetch GET 200 https://registry.npmjs.org/@types/three/-/three-0.170.0.tgz 7210ms (cache miss)
103 http fetch GET 200 https://registry.npmjs.org/three/-/three-0.170.0.tgz 10111ms (cache miss)
104 info run esbuild@0.21.5 postinstall node_modules/esbuild node install.js
105 info run esbuild@0.21.5 postinstall { code: 0, signal: null }
106 silly CHANGE node_modules/@webgpu/types
107 silly CHANGE node_modules/@types/webxr
108 silly CHANGE node_modules/@types/three
109 silly CHANGE node_modules/@types/stats.js
110 silly CHANGE node_modules/@types/estree
111 silly CHANGE node_modules/@rollup/rollup-win32-x64-msvc
112 silly CHANGE node_modules/@rollup/rollup-win32-x64-gnu
113 silly CHANGE node_modules/@tweenjs/tween.js
114 silly CHANGE node_modules/@esbuild/win32-x64
115 silly CHANGE node_modules/vite
116 silly CHANGE node_modules/typescript
117 silly CHANGE node_modules/three
118 silly CHANGE node_modules/source-map-js
119 silly CHANGE node_modules/rollup
120 silly CHANGE node_modules/postcss
121 silly CHANGE node_modules/picocolors
122 silly CHANGE node_modules/nanoid
123 silly CHANGE node_modules/meshoptimizer
124 silly CHANGE node_modules/fflate
125 silly CHANGE node_modules/esbuild
126 verbose cwd C:\Users\dm240\Desktop\three
127 verbose os Windows_NT 10.0.26200
128 verbose node v24.16.0
129 verbose npm  v11.13.0
130 verbose exit 0
131 info ok
